[INFO] Installing Kyverno from infra/k8s/addons/kyverno
namespace/kyverno serverside-applied
customresourcedefinition.apiextensions.k8s.io/cleanuppolicies.kyverno.io serverside-applied
customresourcedefinition.apiextensions.k8s.io/clustercleanuppolicies.kyverno.io serverside-applied
customresourcedefinition.apiextensions.k8s.io/clusterephemeralreports.reports.kyverno.io serverside-applied
customresourcedefinition.apiextensions.k8s.io/clusterpolicies.kyverno.io serverside-applied
customresourcedefinition.apiextensions.k8s.io/clusterpolicyreports.wgpolicyk8s.io serverside-applied
customresourcedefinition.apiextensions.k8s.io/deletingpolicies.policies.kyverno.io serverside-applied
customresourcedefinition.apiextensions.k8s.io/ephemeralreports.reports.kyverno.io serverside-applied
customresourcedefinition.apiextensions.k8s.io/generatingpolicies.policies.kyverno.io serverside-applied
customresourcedefinition.apiextensions.k8s.io/globalcontextentries.kyverno.io serverside-applied
customresourcedefinition.apiextensions.k8s.io/imagevalidatingpolicies.policies.kyverno.io serverside-applied
customresourcedefinition.apiextensions.k8s.io/mutatingpolicies.policies.kyverno.io serverside-applied
customresourcedefinition.apiextensions.k8s.io/namespaceddeletingpolicies.policies.kyverno.io serverside-applied
customresourcedefinition.apiextensions.k8s.io/namespacedimagevalidatingpolicies.policies.kyverno.io serverside-applied
customresourcedefinition.apiextensions.k8s.io/namespacedvalidatingpolicies.policies.kyverno.io serverside-applied
customresourcedefinition.apiextensions.k8s.io/policies.kyverno.io serverside-applied
customresourcedefinition.apiextensions.k8s.io/policyexceptions.kyverno.io serverside-applied
customresourcedefinition.apiextensions.k8s.io/policyexceptions.policies.kyverno.io serverside-applied
customresourcedefinition.apiextensions.k8s.io/policyreports.wgpolicyk8s.io serverside-applied
customresourcedefinition.apiextensions.k8s.io/updaterequests.kyverno.io serverside-applied
customresourcedefinition.apiextensions.k8s.io/validatingpolicies.policies.kyverno.io serverside-applied
serviceaccount/kyverno-admission-controller serverside-applied
serviceaccount/kyverno-background-controller serverside-applied
serviceaccount/kyverno-cleanup-controller serverside-applied
serviceaccount/kyverno-reports-controller serverside-applied
role.rbac.authorization.k8s.io/kyverno:admission-controller serverside-applied
role.rbac.authorization.k8s.io/kyverno:background-controller serverside-applied
role.rbac.authorization.k8s.io/kyverno:cleanup-controller serverside-applied
role.rbac.authorization.k8s.io/kyverno:reports-controller serverside-applied
clusterrole.rbac.authorization.k8s.io/kyverno:admission-controller serverside-applied
clusterrole.rbac.authorization.k8s.io/kyverno:admission-controller:core serverside-applied
clusterrole.rbac.authorization.k8s.io/kyverno:background-controller serverside-applied
clusterrole.rbac.authorization.k8s.io/kyverno:background-controller:core serverside-applied
clusterrole.rbac.authorization.k8s.io/kyverno:cleanup-controller serverside-applied
clusterrole.rbac.authorization.k8s.io/kyverno:cleanup-controller:core serverside-applied
clusterrole.rbac.authorization.k8s.io/kyverno:rbac:admin:policies serverside-applied
clusterrole.rbac.authorization.k8s.io/kyverno:rbac:admin:policyreports serverside-applied
clusterrole.rbac.authorization.k8s.io/kyverno:rbac:admin:reports serverside-applied
clusterrole.rbac.authorization.k8s.io/kyverno:rbac:admin:updaterequests serverside-applied
clusterrole.rbac.authorization.k8s.io/kyverno:rbac:view:policies serverside-applied
clusterrole.rbac.authorization.k8s.io/kyverno:rbac:view:policyreports serverside-applied
clusterrole.rbac.authorization.k8s.io/kyverno:rbac:view:reports serverside-applied
clusterrole.rbac.authorization.k8s.io/kyverno:rbac:view:updaterequests serverside-applied
clusterrole.rbac.authorization.k8s.io/kyverno:reports-controller serverside-applied
clusterrole.rbac.authorization.k8s.io/kyverno:reports-controller:core serverside-applied
rolebinding.rbac.authorization.k8s.io/kyverno:admission-controller serverside-applied
rolebinding.rbac.authorization.k8s.io/kyverno:background-controller serverside-applied
rolebinding.rbac.authorization.k8s.io/kyverno:cleanup-controller serverside-applied
rolebinding.rbac.authorization.k8s.io/kyverno:reports-controller serverside-applied
clusterrolebinding.rbac.authorization.k8s.io/kyverno:admission-controller serverside-applied
clusterrolebinding.rbac.authorization.k8s.io/kyverno:admission-controller:view serverside-applied
clusterrolebinding.rbac.authorization.k8s.io/kyverno:background-controller serverside-applied
clusterrolebinding.rbac.authorization.k8s.io/kyverno:background-controller:view serverside-applied
clusterrolebinding.rbac.authorization.k8s.io/kyverno:cleanup-controller serverside-applied
clusterrolebinding.rbac.authorization.k8s.io/kyverno:reports-controller serverside-applied
clusterrolebinding.rbac.authorization.k8s.io/kyverno:reports-controller:view serverside-applied
configmap/kyverno serverside-applied
configmap/kyverno-metrics serverside-applied
service/kyverno-background-controller-metrics serverside-applied
service/kyverno-cleanup-controller serverside-applied
service/kyverno-cleanup-controller-metrics serverside-applied
service/kyverno-reports-controller-metrics serverside-applied
service/kyverno-svc serverside-applied
service/kyverno-svc-metrics serverside-applied
deployment.apps/kyverno-admission-controller serverside-applied
deployment.apps/kyverno-background-controller serverside-applied
deployment.apps/kyverno-cleanup-controller serverside-applied
deployment.apps/kyverno-reports-controller serverside-applied
[INFO] Waiting for Kyverno deployments to become available
deployment.apps/kyverno-admission-controller condition met
deployment.apps/kyverno-background-controller condition met
deployment.apps/kyverno-cleanup-controller condition met
deployment.apps/kyverno-reports-controller condition met
[INFO] Waiting 30s for Kyverno admission webhook endpoints to warm up
[INFO] Rendering Kyverno policies from infra/k8s/policies/kyverno
[INFO] Server-side dry-run for Kyverno policies from infra/k8s/policies/kyverno (1/6)
[INFO] Applying Kyverno policies from infra/k8s/policies/kyverno
clusterpolicy.kyverno.io/securerag-audit-cleartext-env-values serverside-applied
clusterpolicy.kyverno.io/securerag-require-pod-security serverside-applied
clusterpolicy.kyverno.io/securerag-require-workload-controls serverside-applied
clusterpolicy.kyverno.io/securerag-restrict-image-references serverside-applied
clusterpolicy.kyverno.io/securerag-restrict-service-exposure serverside-applied
clusterpolicy.kyverno.io/securerag-restrict-volume-types serverside-applied
clusterpolicy.kyverno.io/securerag-verify-cosign-images serverside-applied
[INFO] Kyverno installation completed
NAME                                             READY   STATUS    RESTARTS   AGE
kyverno-admission-controller-7ff48568bf-gsk86    1/1     Running   0          63s
kyverno-background-controller-85999778c9-hgf5k   1/1     Running   0          63s
kyverno-cleanup-controller-7b74646946-q95xd      1/1     Running   0          63s
kyverno-reports-controller-86d8747f78-s489f      1/1     Running   0          63s
NAME                                   ADMISSION   BACKGROUND   READY   AGE   MESSAGE
securerag-audit-cleartext-env-values   true        true         True    2s    Ready
securerag-require-pod-security         true        true         True    2s    Ready
securerag-require-workload-controls    true        true         True    1s    Ready
securerag-restrict-image-references    true        true         True    1s    Ready
securerag-restrict-service-exposure    true        true         True    1s    Ready
securerag-restrict-volume-types        true        true         True    1s    Ready
securerag-verify-cosign-images         true        false        True    1s    Ready
No resources found
