2026-06-17T13:33:37+02:00	INFO	Loaded	file_path="/root/MasterPFE/security/trivy/trivy-fs.yaml"
2026-06-17T13:33:37+02:00	INFO	[vuln] Vulnerability scanning is enabled
2026-06-17T13:33:37+02:00	INFO	[secret] Secret scanning is enabled
2026-06-17T13:33:37+02:00	INFO	[secret] If your scanning is slow, please try '--scanners vuln' to disable secret scanning
2026-06-17T13:33:37+02:00	INFO	[secret] Please see https://trivy.dev/docs/v0.69/guide/scanner/secret#recommendation for faster secret detection
2026-06-17T13:33:40+02:00	WARN	[pip] Unable to find python `site-packages` directory. License detection is skipped.	err="site-packages directory not found"
2026-06-17T13:33:40+02:00	INFO	[npm] To collect the license information of packages, "npm install" needs to be performed beforehand	dir="platform/portal-web/vendor/guzzlehttp/guzzle/node_modules"
2026-06-17T13:33:40+02:00	INFO	[npm] To collect the license information of packages, "npm install" needs to be performed beforehand	dir="platform/portal-web/vendor/laravel/framework/src/Illuminate/Foundation/resources/exceptions/renderer/node_modules"
2026-06-17T13:33:40+02:00	INFO	[npm] To collect the license information of packages, "npm install" needs to be performed beforehand	dir="services-laravel/audit-security-service/vendor/guzzlehttp/guzzle/node_modules"
2026-06-17T13:33:40+02:00	INFO	[npm] To collect the license information of packages, "npm install" needs to be performed beforehand	dir="services-laravel/audit-security-service/vendor/laravel/framework/src/Illuminate/Foundation/resources/exceptions/renderer/node_modules"
2026-06-17T13:33:40+02:00	INFO	[npm] To collect the license information of packages, "npm install" needs to be performed beforehand	dir="services-laravel/auth-users-service/vendor/guzzlehttp/guzzle/node_modules"
2026-06-17T13:33:40+02:00	INFO	[npm] To collect the license information of packages, "npm install" needs to be performed beforehand	dir="services-laravel/auth-users-service/vendor/laravel/framework/src/Illuminate/Foundation/resources/exceptions/renderer/node_modules"
2026-06-17T13:33:40+02:00	INFO	[npm] To collect the license information of packages, "npm install" needs to be performed beforehand	dir="services-laravel/chatbot-manager-service/vendor/guzzlehttp/guzzle/node_modules"
2026-06-17T13:33:40+02:00	INFO	[npm] To collect the license information of packages, "npm install" needs to be performed beforehand	dir="services-laravel/chatbot-manager-service/vendor/laravel/framework/src/Illuminate/Foundation/resources/exceptions/renderer/node_modules"
2026-06-17T13:33:40+02:00	INFO	[npm] To collect the license information of packages, "npm install" needs to be performed beforehand	dir="services-laravel/conversation-service/vendor/guzzlehttp/guzzle/node_modules"
2026-06-17T13:33:40+02:00	INFO	[npm] To collect the license information of packages, "npm install" needs to be performed beforehand	dir="services-laravel/conversation-service/vendor/laravel/framework/src/Illuminate/Foundation/resources/exceptions/renderer/node_modules"
2026-06-17T13:33:40+02:00	INFO	Suppressing dependencies for development and testing. To display them, try the '--include-dev-deps' flag.
2026-06-17T13:33:40+02:00	INFO	Number of language-specific files	num=20
2026-06-17T13:33:40+02:00	INFO	[composer] Detecting vulnerabilities...
2026-06-17T13:33:40+02:00	INFO	[npm] Detecting vulnerabilities...
2026-06-17T13:33:40+02:00	INFO	[pip] Detecting vulnerabilities...

📣 [34mNotices:[0m
  - Version 0.71.1 of Trivy is now available, current version is 0.69.3

To suppress version checks, run Trivy scans with the --skip-version-check flag

