make[1]: Entering directory '/root/MasterPFE'
[INFO] Rendering metrics-server addon from infra/k8s/addons/metrics-server
[INFO] Server-side dry-run for metrics-server addon
[INFO] Installing metrics-server from infra/k8s/addons/metrics-server
serviceaccount/metrics-server serverside-applied
clusterrole.rbac.authorization.k8s.io/system:aggregated-metrics-reader serverside-applied
clusterrole.rbac.authorization.k8s.io/system:metrics-server serverside-applied
rolebinding.rbac.authorization.k8s.io/metrics-server-auth-reader serverside-applied
clusterrolebinding.rbac.authorization.k8s.io/metrics-server:system:auth-delegator serverside-applied
clusterrolebinding.rbac.authorization.k8s.io/system:metrics-server serverside-applied
service/metrics-server serverside-applied
deployment.apps/metrics-server serverside-applied
apiservice.apiregistration.k8s.io/v1beta1.metrics.k8s.io serverside-applied
[INFO] Waiting for metrics-server deployment
deployment.apps/metrics-server condition met
[INFO] Checking Metrics API availability
NAME                     SERVICE                      AVAILABLE   AGE
v1beta1.metrics.k8s.io   kube-system/metrics-server   True        19h
apiservice.apiregistration.k8s.io/v1beta1.metrics.k8s.io condition met
[INFO] kubectl top nodes is available
NAME                          CPU(cores)   CPU(%)   MEMORY(bytes)   MEMORY(%)   
securerag-dev-control-plane   267m         6%       1617Mi          6%          
securerag-dev-worker          425m         10%      5018Mi          20%         
[INFO] kubectl top pods is available in securerag-hub
NAME                                      CPU(cores)   MEMORY(bytes)   
audit-security-service-667b7997b4-j5m7r   2m           74Mi            
auth-users-8678978685-bfl4l               4m           204Mi           
auth-users-8678978685-l7968               4m           203Mi           
auth-users-8678978685-zrn25               4m           205Mi           
chatbot-manager-79b79d59c4-lvgtp          1m           78Mi            
conversation-service-6bc4c7dbc6-pq7xf     3m           77Mi            
portal-web-859c78db95-z68jt               3m           186Mi           
postgres-auth-fbf55db78-kwlh4             12m          34Mi            
[INFO] Current HPA status in securerag-hub
NAME         REFERENCE               TARGETS       MINPODS   MAXPODS   REPLICAS   AGE
portal-web   Deployment/portal-web   cpu: 3%/70%   1         3         3          12d
[INFO] metrics-server installation and runtime metric checks completed
make[1]: Leaving directory '/root/MasterPFE'
